Analysis & Synthesis report for lfoGenerator
Wed Apr  9 18:20:10 2025
Quartus Prime Version 21.1.0 Build 842 10/21/2021 Patches 0.02i SJ Lite Edition


---------------------
; Table of Contents ;
---------------------
  1. Legal Notice
  2. Analysis & Synthesis Summary
  3. Analysis & Synthesis Settings
  4. Parallel Compilation
  5. Analysis & Synthesis Source Files Read
  6. Analysis & Synthesis Resource Usage Summary
  7. Analysis & Synthesis Resource Utilization by Entity
  8. State Machine - |lfoGenerator|lcdDisplay:lcdDisplay_0|state
  9. Registers Removed During Synthesis
 10. General Register Statistics
 11. Inverted Register Statistics
 12. Multiplexer Restructuring Statistics (Restructuring Performed)
 13. Source assignments for Top-level Entity: |lfoGenerator
 14. Parameter Settings for User Entity Instance: freqGen:freqGen_0
 15. Parameter Settings for User Entity Instance: lcdDisplay:lcdDisplay_0
 16. Port Connectivity Checks: "lcdDisplay:lcdDisplay_0"
 17. Post-Synthesis Netlist Statistics for Top Partition
 18. Elapsed Time Per Partition
 19. Analysis & Synthesis Messages



----------------
; Legal Notice ;
----------------
Copyright (C) 2021  Intel Corporation. All rights reserved.
Your use of Intel Corporation's design tools, logic functions 
and other software and tools, and any partner logic 
functions, and any output files from any of the foregoing 
(including device programming or simulation files), and any 
associated documentation or information are expressly subject 
to the terms and conditions of the Intel Program License 
Subscription Agreement, the Intel Quartus Prime License Agreement,
the Intel FPGA IP License Agreement, or other applicable license
agreement, including, without limitation, that your use is for
the sole purpose of programming logic devices manufactured by
Intel and sold by Intel or its authorized distributors.  Please
refer to the applicable agreement for further details, at
https://fpgasoftware.intel.com/eula.



+---------------------------------------------------------------------------------------------+
; Analysis & Synthesis Summary                                                                ;
+---------------------------------+-----------------------------------------------------------+
; Analysis & Synthesis Status     ; Successful - Wed Apr  9 18:20:10 2025                     ;
; Quartus Prime Version           ; 21.1.0 Build 842 10/21/2021 Patches 0.02i SJ Lite Edition ;
; Revision Name                   ; lfoGenerator                                              ;
; Top-level Entity Name           ; lfoGenerator                                              ;
; Family                          ; Cyclone V                                                 ;
; Logic utilization (in ALMs)     ; N/A                                                       ;
; Total registers                 ; 177                                                       ;
; Total pins                      ; 21                                                        ;
; Total virtual pins              ; 0                                                         ;
; Total block memory bits         ; 0                                                         ;
; Total DSP Blocks                ; 0                                                         ;
; Total HSSI RX PCSs              ; 0                                                         ;
; Total HSSI PMA RX Deserializers ; 0                                                         ;
; Total HSSI TX PCSs              ; 0                                                         ;
; Total HSSI PMA TX Serializers   ; 0                                                         ;
; Total PLLs                      ; 0                                                         ;
; Total DLLs                      ; 0                                                         ;
+---------------------------------+-----------------------------------------------------------+


+---------------------------------------------------------------------------------------------------------------------------+
; Analysis & Synthesis Settings                                                                                             ;
+---------------------------------------------------------------------------------+--------------------+--------------------+
; Option                                                                          ; Setting            ; Default Value      ;
+---------------------------------------------------------------------------------+--------------------+--------------------+
; Device                                                                          ; 5CSEMA4U23C6       ;                    ;
; Top-level entity name                                                           ; lfoGenerator       ; lfoGenerator       ;
; Family name                                                                     ; Cyclone V          ; Cyclone V          ;
; Use smart compilation                                                           ; Off                ; Off                ;
; Enable parallel Assembler and Timing Analyzer during compilation                ; On                 ; On                 ;
; Enable compact report table                                                     ; Off                ; Off                ;
; Restructure Multiplexers                                                        ; Auto               ; Auto               ;
; MLAB Add Timing Constraints For Mixed-Port Feed-Through Mode Setting Don't Care ; Off                ; Off                ;
; Create Debugging Nodes for IP Cores                                             ; Off                ; Off                ;
; Preserve fewer node names                                                       ; On                 ; On                 ;
; Intel FPGA IP Evaluation Mode                                                   ; Enable             ; Enable             ;
; Verilog Version                                                                 ; Verilog_2001       ; Verilog_2001       ;
; VHDL Version                                                                    ; VHDL_1993          ; VHDL_1993          ;
; State Machine Processing                                                        ; Auto               ; Auto               ;
; Safe State Machine                                                              ; Off                ; Off                ;
; Extract Verilog State Machines                                                  ; On                 ; On                 ;
; Extract VHDL State Machines                                                     ; On                 ; On                 ;
; Ignore Verilog initial constructs                                               ; Off                ; Off                ;
; Iteration limit for constant Verilog loops                                      ; 5000               ; 5000               ;
; Iteration limit for non-constant Verilog loops                                  ; 250                ; 250                ;
; Add Pass-Through Logic to Inferred RAMs                                         ; On                 ; On                 ;
; Infer RAMs from Raw Logic                                                       ; On                 ; On                 ;
; Parallel Synthesis                                                              ; On                 ; On                 ;
; DSP Block Balancing                                                             ; Auto               ; Auto               ;
; NOT Gate Push-Back                                                              ; On                 ; On                 ;
; Power-Up Don't Care                                                             ; On                 ; On                 ;
; Remove Redundant Logic Cells                                                    ; Off                ; Off                ;
; Remove Duplicate Registers                                                      ; On                 ; On                 ;
; Ignore CARRY Buffers                                                            ; Off                ; Off                ;
; Ignore CASCADE Buffers                                                          ; Off                ; Off                ;
; Ignore GLOBAL Buffers                                                           ; Off                ; Off                ;
; Ignore ROW GLOBAL Buffers                                                       ; Off                ; Off                ;
; Ignore LCELL Buffers                                                            ; Off                ; Off                ;
; Ignore SOFT Buffers                                                             ; On                 ; On                 ;
; Limit AHDL Integers to 32 Bits                                                  ; Off                ; Off                ;
; Optimization Technique                                                          ; Balanced           ; Balanced           ;
; Carry Chain Length                                                              ; 70                 ; 70                 ;
; Auto Carry Chains                                                               ; On                 ; On                 ;
; Auto Open-Drain Pins                                                            ; On                 ; On                 ;
; Perform WYSIWYG Primitive Resynthesis                                           ; Off                ; Off                ;
; Auto ROM Replacement                                                            ; On                 ; On                 ;
; Auto RAM Replacement                                                            ; On                 ; On                 ;
; Auto DSP Block Replacement                                                      ; On                 ; On                 ;
; Auto Shift Register Replacement                                                 ; Auto               ; Auto               ;
; Allow Shift Register Merging across Hierarchies                                 ; Auto               ; Auto               ;
; Auto Clock Enable Replacement                                                   ; On                 ; On                 ;
; Strict RAM Replacement                                                          ; Off                ; Off                ;
; Allow Synchronous Control Signals                                               ; On                 ; On                 ;
; Force Use of Synchronous Clear Signals                                          ; Off                ; Off                ;
; Auto Resource Sharing                                                           ; Off                ; Off                ;
; Allow Any RAM Size For Recognition                                              ; Off                ; Off                ;
; Allow Any ROM Size For Recognition                                              ; Off                ; Off                ;
; Allow Any Shift Register Size For Recognition                                   ; Off                ; Off                ;
; Use LogicLock Constraints during Resource Balancing                             ; On                 ; On                 ;
; Ignore translate_off and synthesis_off directives                               ; Off                ; Off                ;
; Timing-Driven Synthesis                                                         ; On                 ; On                 ;
; Report Parameter Settings                                                       ; On                 ; On                 ;
; Report Source Assignments                                                       ; On                 ; On                 ;
; Report Connectivity Checks                                                      ; On                 ; On                 ;
; Ignore Maximum Fan-Out Assignments                                              ; Off                ; Off                ;
; Synchronization Register Chain Length                                           ; 3                  ; 3                  ;
; Power Optimization During Synthesis                                             ; Normal compilation ; Normal compilation ;
; HDL message level                                                               ; Level2             ; Level2             ;
; Suppress Register Optimization Related Messages                                 ; Off                ; Off                ;
; Number of Removed Registers Reported in Synthesis Report                        ; 5000               ; 5000               ;
; Number of Swept Nodes Reported in Synthesis Report                              ; 5000               ; 5000               ;
; Number of Inverted Registers Reported in Synthesis Report                       ; 100                ; 100                ;
; Clock MUX Protection                                                            ; On                 ; On                 ;
; Auto Gated Clock Conversion                                                     ; Off                ; Off                ;
; Block Design Naming                                                             ; Auto               ; Auto               ;
; SDC constraint protection                                                       ; Off                ; Off                ;
; Synthesis Effort                                                                ; Auto               ; Auto               ;
; Shift Register Replacement - Allow Asynchronous Clear Signal                    ; On                 ; On                 ;
; Pre-Mapping Resynthesis Optimization                                            ; Off                ; Off                ;
; Analysis & Synthesis Message Level                                              ; Medium             ; Medium             ;
; Disable Register Merging Across Hierarchies                                     ; Auto               ; Auto               ;
; Resource Aware Inference For Block RAM                                          ; On                 ; On                 ;
; Automatic Parallel Synthesis                                                    ; On                 ; On                 ;
; Partial Reconfiguration Bitstream ID                                            ; Off                ; Off                ;
+---------------------------------------------------------------------------------+--------------------+--------------------+


+------------------------------------------+
; Parallel Compilation                     ;
+----------------------------+-------------+
; Processors                 ; Number      ;
+----------------------------+-------------+
; Number detected on machine ; 16          ;
; Maximum allowed            ; 16          ;
;                            ;             ;
; Average used               ; 1.00        ;
; Maximum used               ; 16          ;
;                            ;             ;
; Usage by Processor         ; % Time Used ;
;     Processor 1            ; 100.0%      ;
;     Processors 2-16        ;   0.0%      ;
+----------------------------+-------------+


+--------------------------------------------------------------------------------------------------------------------------------------------------------------------------------------+
; Analysis & Synthesis Source Files Read                                                                                                                                               ;
+----------------------------------+-----------------+------------------------------+----------------------------------------------------------------------------------------+---------+
; File Name with User-Entered Path ; Used in Netlist ; File Type                    ; File Name with Absolute Path                                                           ; Library ;
+----------------------------------+-----------------+------------------------------+----------------------------------------------------------------------------------------+---------+
; encoder.sv                       ; yes             ; User SystemVerilog HDL File  ; C:/Users/Parry/Documents/GitHub/ELEX-7660-PROJECT-V2/ELEX-7660-PROJECT/encoder.sv      ;         ;
; freqGen.sv                       ; yes             ; User SystemVerilog HDL File  ; C:/Users/Parry/Documents/GitHub/ELEX-7660-PROJECT-V2/ELEX-7660-PROJECT/freqGen.sv      ;         ;
; enc2val.sv                       ; yes             ; User SystemVerilog HDL File  ; C:/Users/Parry/Documents/GitHub/ELEX-7660-PROJECT-V2/ELEX-7660-PROJECT/enc2val.sv      ;         ;
; enc2sel.sv                       ; yes             ; User SystemVerilog HDL File  ; C:/Users/Parry/Documents/GitHub/ELEX-7660-PROJECT-V2/ELEX-7660-PROJECT/enc2sel.sv      ;         ;
; lfoGenerator.sv                  ; yes             ; User SystemVerilog HDL File  ; C:/Users/Parry/Documents/GitHub/ELEX-7660-PROJECT-V2/ELEX-7660-PROJECT/lfoGenerator.sv ;         ;
; lcdDisplay.sv                    ; yes             ; User SystemVerilog HDL File  ; C:/Users/Parry/Documents/GitHub/ELEX-7660-PROJECT-V2/ELEX-7660-PROJECT/lcdDisplay.sv   ;         ;
+----------------------------------+-----------------+------------------------------+----------------------------------------------------------------------------------------+---------+


+--------------------------------------------------------+
; Analysis & Synthesis Resource Usage Summary            ;
+---------------------------------------------+----------+
; Resource                                    ; Usage    ;
+---------------------------------------------+----------+
; Estimate of Logic utilization (ALMs needed) ; 247      ;
;                                             ;          ;
; Combinational ALUT usage for logic          ; 385      ;
;     -- 7 input functions                    ; 4        ;
;     -- 6 input functions                    ; 103      ;
;     -- 5 input functions                    ; 46       ;
;     -- 4 input functions                    ; 64       ;
;     -- <=3 input functions                  ; 168      ;
;                                             ;          ;
; Dedicated logic registers                   ; 177      ;
;                                             ;          ;
; I/O pins                                    ; 21       ;
;                                             ;          ;
; Total DSP Blocks                            ; 0        ;
;                                             ;          ;
; Maximum fan-out node                        ; s1~input ;
; Maximum fan-out                             ; 150      ;
; Total fan-out                               ; 2174     ;
; Average fan-out                             ; 3.60     ;
+---------------------------------------------+----------+


+-------------------------------------------------------------------------------------------------------------------------------------------------------------------------------------------------------------+
; Analysis & Synthesis Resource Utilization by Entity                                                                                                                                                         ;
+------------------------------+---------------------+---------------------------+-------------------+------------+------+--------------+---------------------------------------+--------------+--------------+
; Compilation Hierarchy Node   ; Combinational ALUTs ; Dedicated Logic Registers ; Block Memory Bits ; DSP Blocks ; Pins ; Virtual Pins ; Full Hierarchy Name                   ; Entity Name  ; Library Name ;
+------------------------------+---------------------+---------------------------+-------------------+------------+------+--------------+---------------------------------------+--------------+--------------+
; |lfoGenerator                ; 385 (19)            ; 177 (19)                  ; 0                 ; 0          ; 21   ; 0            ; |lfoGenerator                         ; lfoGenerator ; work         ;
;    |enc2sel:enc2sel_0|       ; 41 (41)             ; 28 (28)                   ; 0                 ; 0          ; 0    ; 0            ; |lfoGenerator|enc2sel:enc2sel_0       ; enc2sel      ; work         ;
;    |enc2val:enc2val_0|       ; 58 (58)             ; 40 (40)                   ; 0                 ; 0          ; 0    ; 0            ; |lfoGenerator|enc2val:enc2val_0       ; enc2val      ; work         ;
;    |encoder:encoder_1|       ; 4 (4)               ; 4 (4)                     ; 0                 ; 0          ; 0    ; 0            ; |lfoGenerator|encoder:encoder_1       ; encoder      ; work         ;
;    |encoder:encoder_2|       ; 4 (4)               ; 4 (4)                     ; 0                 ; 0          ; 0    ; 0            ; |lfoGenerator|encoder:encoder_2       ; encoder      ; work         ;
;    |freqGen:freqGen_0|       ; 112 (112)           ; 32 (32)                   ; 0                 ; 0          ; 0    ; 0            ; |lfoGenerator|freqGen:freqGen_0       ; freqGen      ; work         ;
;    |lcdDisplay:lcdDisplay_0| ; 147 (147)           ; 50 (50)                   ; 0                 ; 0          ; 0    ; 0            ; |lfoGenerator|lcdDisplay:lcdDisplay_0 ; lcdDisplay   ; work         ;
+------------------------------+---------------------+---------------------------+-------------------+------------+------+--------------+---------------------------------------+--------------+--------------+
Note: For table entries with two numbers listed, the numbers in parentheses indicate the number of resources of the given type used by the specific entity alone. The numbers listed outside of parentheses indicate the total resources of the given type used by the specific entity and all of its sub-entities in the hierarchy.


Encoding Type:  One-Hot
+------------------------------------------------------------------------------------------------------------------------------------------------------------------------------------------------------------------------------------------------------------------------------------------------------------------+
; State Machine - |lfoGenerator|lcdDisplay:lcdDisplay_0|state                                                                                                                                                                                                                                                      ;
+----------------------+------------+----------------------+---------------------+----------------------+--------------------+-------------------+---------------------+------------------+-------------------+---------------------+---------------------+---------------------+---------------------+------------+
; Name                 ; state.STOP ; state.WRITE_DATA_L24 ; state.SWITCH_TO_L24 ; state.WRITE_DATA_L13 ; state.FUNCTION_SET ; state.CURSORSHIFT ; state.DISPLAY_ONOFF ; state.ENTRY_MODE ; state.RETURN_HOME ; state.CLEAR_DISPLAY ; state.FUNCTION_SET3 ; state.FUNCTION_SET2 ; state.FUNCTION_SET1 ; state.INIT ;
+----------------------+------------+----------------------+---------------------+----------------------+--------------------+-------------------+---------------------+------------------+-------------------+---------------------+---------------------+---------------------+---------------------+------------+
; state.INIT           ; 0          ; 0                    ; 0                   ; 0                    ; 0                  ; 0                 ; 0                   ; 0                ; 0                 ; 0                   ; 0                   ; 0                   ; 0                   ; 0          ;
; state.FUNCTION_SET1  ; 0          ; 0                    ; 0                   ; 0                    ; 0                  ; 0                 ; 0                   ; 0                ; 0                 ; 0                   ; 0                   ; 0                   ; 1                   ; 1          ;
; state.FUNCTION_SET2  ; 0          ; 0                    ; 0                   ; 0                    ; 0                  ; 0                 ; 0                   ; 0                ; 0                 ; 0                   ; 0                   ; 1                   ; 0                   ; 1          ;
; state.FUNCTION_SET3  ; 0          ; 0                    ; 0                   ; 0                    ; 0                  ; 0                 ; 0                   ; 0                ; 0                 ; 0                   ; 1                   ; 0                   ; 0                   ; 1          ;
; state.CLEAR_DISPLAY  ; 0          ; 0                    ; 0                   ; 0                    ; 0                  ; 0                 ; 0                   ; 0                ; 0                 ; 1                   ; 0                   ; 0                   ; 0                   ; 1          ;
; state.RETURN_HOME    ; 0          ; 0                    ; 0                   ; 0                    ; 0                  ; 0                 ; 0                   ; 0                ; 1                 ; 0                   ; 0                   ; 0                   ; 0                   ; 1          ;
; state.ENTRY_MODE     ; 0          ; 0                    ; 0                   ; 0                    ; 0                  ; 0                 ; 0                   ; 1                ; 0                 ; 0                   ; 0                   ; 0                   ; 0                   ; 1          ;
; state.DISPLAY_ONOFF  ; 0          ; 0                    ; 0                   ; 0                    ; 0                  ; 0                 ; 1                   ; 0                ; 0                 ; 0                   ; 0                   ; 0                   ; 0                   ; 1          ;
; state.CURSORSHIFT    ; 0          ; 0                    ; 0                   ; 0                    ; 0                  ; 1                 ; 0                   ; 0                ; 0                 ; 0                   ; 0                   ; 0                   ; 0                   ; 1          ;
; state.FUNCTION_SET   ; 0          ; 0                    ; 0                   ; 0                    ; 1                  ; 0                 ; 0                   ; 0                ; 0                 ; 0                   ; 0                   ; 0                   ; 0                   ; 1          ;
; state.WRITE_DATA_L13 ; 0          ; 0                    ; 0                   ; 1                    ; 0                  ; 0                 ; 0                   ; 0                ; 0                 ; 0                   ; 0                   ; 0                   ; 0                   ; 1          ;
; state.SWITCH_TO_L24  ; 0          ; 0                    ; 1                   ; 0                    ; 0                  ; 0                 ; 0                   ; 0                ; 0                 ; 0                   ; 0                   ; 0                   ; 0                   ; 1          ;
; state.WRITE_DATA_L24 ; 0          ; 1                    ; 0                   ; 0                    ; 0                  ; 0                 ; 0                   ; 0                ; 0                 ; 0                   ; 0                   ; 0                   ; 0                   ; 1          ;
; state.STOP           ; 1          ; 0                    ; 0                   ; 0                    ; 0                  ; 0                 ; 0                   ; 0                ; 0                 ; 0                   ; 0                   ; 0                   ; 0                   ; 1          ;
+----------------------+------------+----------------------+---------------------+----------------------+--------------------+-------------------+---------------------+------------------+-------------------+---------------------+---------------------+---------------------+---------------------+------------+


+---------------------------------------------------------------------------------+
; Registers Removed During Synthesis                                              ;
+----------------------------------------+----------------------------------------+
; Register name                          ; Reason for Removal                     ;
+----------------------------------------+----------------------------------------+
; freqGen:freqGen_0|count[0]             ; Stuck at GND due to stuck port data_in ;
; lcdDisplay:lcdDisplay_0|state~4        ; Lost fanout                            ;
; lcdDisplay:lcdDisplay_0|state~5        ; Lost fanout                            ;
; lcdDisplay:lcdDisplay_0|state~6        ; Lost fanout                            ;
; lcdDisplay:lcdDisplay_0|state~7        ; Lost fanout                            ;
; lcdDisplay:lcdDisplay_0|state~8        ; Lost fanout                            ;
; rateLED[9..15]                         ; Lost fanout                            ;
; clk_div_count[10..15]                  ; Lost fanout                            ;
; Total Number of Removed Registers = 19 ;                                        ;
+----------------------------------------+----------------------------------------+


+------------------------------------------------------+
; General Register Statistics                          ;
+----------------------------------------------+-------+
; Statistic                                    ; Value ;
+----------------------------------------------+-------+
; Total registers                              ; 177   ;
; Number of registers using Synchronous Clear  ; 84    ;
; Number of registers using Synchronous Load   ; 0     ;
; Number of registers using Asynchronous Clear ; 150   ;
; Number of registers using Asynchronous Load  ; 0     ;
; Number of registers using Clock Enable       ; 58    ;
; Number of registers using Preset             ; 0     ;
+----------------------------------------------+-------+


+---------------------------------------------------+
; Inverted Register Statistics                      ;
+-----------------------------------------+---------+
; Inverted Register                       ; Fan out ;
+-----------------------------------------+---------+
; lcdDisplay:lcdDisplay_0|E               ; 37      ;
; lcdDisplay:lcdDisplay_0|count[10]       ; 2       ;
; lcdDisplay:lcdDisplay_0|count[9]        ; 3       ;
; lcdDisplay:lcdDisplay_0|count[8]        ; 3       ;
; lcdDisplay:lcdDisplay_0|count[7]        ; 3       ;
; lcdDisplay:lcdDisplay_0|count[6]        ; 3       ;
; enc2val:enc2val_0|freq[1]               ; 38      ;
; enc2val:enc2val_0|freq[2]               ; 39      ;
; enc2val:enc2val_0|freq[3]               ; 38      ;
; enc2val:enc2val_0|depth[1]              ; 4       ;
; Total number of inverted registers = 10 ;         ;
+-----------------------------------------+---------+


+--------------------------------------------------------------------------------------------------------------------------------------------------------------------+
; Multiplexer Restructuring Statistics (Restructuring Performed)                                                                                                     ;
+--------------------+-----------+---------------+----------------------+------------------------+------------+------------------------------------------------------+
; Multiplexer Inputs ; Bus Width ; Baseline Area ; Area if Restructured ; Saving if Restructured ; Registered ; Example Multiplexer Output                           ;
+--------------------+-----------+---------------+----------------------+------------------------+------------+------------------------------------------------------+
; 4:1                ; 5 bits    ; 10 LEs        ; 5 LEs                ; 5 LEs                  ; Yes        ; |lfoGenerator|enc2val:enc2val_0|freq[5]              ;
; 4:1                ; 4 bits    ; 8 LEs         ; 8 LEs                ; 0 LEs                  ; Yes        ; |lfoGenerator|enc2val:enc2val_0|cw_count[0]          ;
; 4:1                ; 4 bits    ; 8 LEs         ; 8 LEs                ; 0 LEs                  ; Yes        ; |lfoGenerator|enc2val:enc2val_0|ccw_count[1]         ;
; 4:1                ; 4 bits    ; 8 LEs         ; 8 LEs                ; 0 LEs                  ; Yes        ; |lfoGenerator|enc2sel:enc2sel_0|cw_count[1]          ;
; 4:1                ; 4 bits    ; 8 LEs         ; 8 LEs                ; 0 LEs                  ; Yes        ; |lfoGenerator|enc2sel:enc2sel_0|ccw_count[2]         ;
; 4:1                ; 16 bits   ; 32 LEs        ; 0 LEs                ; 32 LEs                 ; Yes        ; |lfoGenerator|enc2val:enc2val_0|debounce_timer[15]   ;
; 4:1                ; 16 bits   ; 32 LEs        ; 0 LEs                ; 32 LEs                 ; Yes        ; |lfoGenerator|enc2sel:enc2sel_0|debounce_timer[3]    ;
; 5:1                ; 2 bits    ; 6 LEs         ; 4 LEs                ; 2 LEs                  ; Yes        ; |lfoGenerator|enc2sel:enc2sel_0|sel[0]               ;
; 5:1                ; 3 bits    ; 9 LEs         ; 6 LEs                ; 3 LEs                  ; Yes        ; |lfoGenerator|enc2val:enc2val_0|shape[0]             ;
; 6:1                ; 13 bits   ; 52 LEs        ; 0 LEs                ; 52 LEs                 ; Yes        ; |lfoGenerator|lcdDisplay:lcdDisplay_0|write_count[4] ;
; 4:1                ; 3 bits    ; 6 LEs         ; 3 LEs                ; 3 LEs                  ; Yes        ; |lfoGenerator|enc2val:enc2val_0|freq[2]              ;
; 5:1                ; 12 bits   ; 36 LEs        ; 24 LEs               ; 12 LEs                 ; No         ; |lfoGenerator|lcdDisplay:lcdDisplay_0|Selector13     ;
+--------------------+-----------+---------------+----------------------+------------------------+------------+------------------------------------------------------+


+--------------------------------------------------------+
; Source assignments for Top-level Entity: |lfoGenerator ;
+-----------------------+-------+------+-----------------+
; Assignment            ; Value ; From ; To              ;
+-----------------------+-------+------+-----------------+
; WEAK_PULL_UP_RESISTOR ; ON    ; -    ; enc1_a          ;
; WEAK_PULL_UP_RESISTOR ; ON    ; -    ; enc1_b          ;
; WEAK_PULL_UP_RESISTOR ; ON    ; -    ; enc2_a          ;
; WEAK_PULL_UP_RESISTOR ; ON    ; -    ; enc2_b          ;
+-----------------------+-------+------+-----------------+


+----------------------------------------------------------------+
; Parameter Settings for User Entity Instance: freqGen:freqGen_0 ;
+----------------+----------+------------------------------------+
; Parameter Name ; Value    ; Type                               ;
+----------------+----------+------------------------------------+
; FCLK           ; 50000000 ; Signed Integer                     ;
+----------------+----------+------------------------------------+
Note: In order to hide this table in the UI and the text report file, please set the "Show Parameter Settings in Synthesis Report" option in "Analysis and Synthesis Settings -> More Settings" to "Off".


+----------------------------------------------------------------------+
; Parameter Settings for User Entity Instance: lcdDisplay:lcdDisplay_0 ;
+----------------+-------+---------------------------------------------+
; Parameter Name ; Value ; Type                                        ;
+----------------+-------+---------------------------------------------+
; MESSAGE_LENGTH ; 64    ; Signed Integer                              ;
+----------------+-------+---------------------------------------------+
Note: In order to hide this table in the UI and the text report file, please set the "Show Parameter Settings in Synthesis Report" option in "Analysis and Synthesis Settings -> More Settings" to "Off".


+----------------------------------------------------------------------------------------------------------------+
; Port Connectivity Checks: "lcdDisplay:lcdDisplay_0"                                                            ;
+------+--------+----------+-------------------------------------------------------------------------------------+
; Port ; Type   ; Severity ; Details                                                                             ;
+------+--------+----------+-------------------------------------------------------------------------------------+
; RW   ; Output ; Info     ; Connected to dangling logic. Logic that only feeds a dangling port will be removed. ;
+------+--------+----------+-------------------------------------------------------------------------------------+


+-----------------------------------------------------+
; Post-Synthesis Netlist Statistics for Top Partition ;
+-----------------------+-----------------------------+
; Type                  ; Count                       ;
+-----------------------+-----------------------------+
; arriav_ff             ; 177                         ;
;     CLR               ; 53                          ;
;     CLR SCLR          ; 39                          ;
;     ENA CLR           ; 13                          ;
;     ENA CLR SCLR      ; 45                          ;
;     plain             ; 27                          ;
; arriav_lcell_comb     ; 387                         ;
;     arith             ; 130                         ;
;         0 data inputs ; 5                           ;
;         1 data inputs ; 102                         ;
;         2 data inputs ; 14                          ;
;         4 data inputs ; 8                           ;
;         5 data inputs ; 1                           ;
;     extend            ; 4                           ;
;         7 data inputs ; 4                           ;
;     normal            ; 253                         ;
;         0 data inputs ; 1                           ;
;         1 data inputs ; 7                           ;
;         2 data inputs ; 16                          ;
;         3 data inputs ; 25                          ;
;         4 data inputs ; 56                          ;
;         5 data inputs ; 45                          ;
;         6 data inputs ; 103                         ;
; boundary_port         ; 21                          ;
;                       ;                             ;
; Max LUT depth         ; 9.30                        ;
; Average LUT depth     ; 3.97                        ;
+-----------------------+-----------------------------+


+-------------------------------+
; Elapsed Time Per Partition    ;
+----------------+--------------+
; Partition Name ; Elapsed Time ;
+----------------+--------------+
; Top            ; 00:00:02     ;
+----------------+--------------+


+-------------------------------+
; Analysis & Synthesis Messages ;
+-------------------------------+
Info: *******************************************************************
Info: Running Quartus Prime Analysis & Synthesis
    Info: Version 21.1.0 Build 842 10/21/2021 Patches 0.02i SJ Lite Edition
    Info: Processing started: Wed Apr  9 18:19:31 2025
Info: Command: quartus_map --read_settings_files=on --write_settings_files=off lfoGenerator -c lfoGenerator
Warning (18236): Number of processors has not been specified which may cause overloading on shared machines.  Set the global assignment NUM_PARALLEL_PROCESSORS in your QSF to an appropriate value for best performance.
Info (20030): Parallel compilation is enabled and will use 16 of the 16 processors detected
Info (12021): Found 1 design units, including 1 entities, in source file encoder.sv
    Info (12023): Found entity 1: encoder File: C:/Users/Parry/Documents/GitHub/ELEX-7660-PROJECT-V2/ELEX-7660-PROJECT/encoder.sv Line: 8
Info (12021): Found 1 design units, including 1 entities, in source file wavegen.sv
    Info (12023): Found entity 1: waveGen File: C:/Users/Parry/Documents/GitHub/ELEX-7660-PROJECT-V2/ELEX-7660-PROJECT/waveGen.sv Line: 6
Info (12021): Found 1 design units, including 1 entities, in source file freqgen.sv
    Info (12023): Found entity 1: freqGen File: C:/Users/Parry/Documents/GitHub/ELEX-7660-PROJECT-V2/ELEX-7660-PROJECT/freqGen.sv Line: 6
Info (12021): Found 1 design units, including 1 entities, in source file enc2val.sv
    Info (12023): Found entity 1: enc2val File: C:/Users/Parry/Documents/GitHub/ELEX-7660-PROJECT-V2/ELEX-7660-PROJECT/enc2val.sv Line: 6
Info (12021): Found 1 design units, including 1 entities, in source file enc2sel.sv
    Info (12023): Found entity 1: enc2sel File: C:/Users/Parry/Documents/GitHub/ELEX-7660-PROJECT-V2/ELEX-7660-PROJECT/enc2sel.sv Line: 6
Info (12021): Found 1 design units, including 1 entities, in source file dacinterface.sv
    Info (12023): Found entity 1: dacInterface File: C:/Users/Parry/Documents/GitHub/ELEX-7660-PROJECT-V2/ELEX-7660-PROJECT/dacInterface.sv Line: 6
Info (12021): Found 1 design units, including 1 entities, in source file lfogenerator.sv
    Info (12023): Found entity 1: lfoGenerator File: C:/Users/Parry/Documents/GitHub/ELEX-7660-PROJECT-V2/ELEX-7660-PROJECT/lfoGenerator.sv Line: 8
Info (12021): Found 1 design units, including 1 entities, in source file lcddisplay.sv
    Info (12023): Found entity 1: lcdDisplay File: C:/Users/Parry/Documents/GitHub/ELEX-7660-PROJECT-V2/ELEX-7660-PROJECT/lcdDisplay.sv Line: 11
Warning (10236): Verilog HDL Implicit Net warning at lfoGenerator.sv(52): created implicit net for "clk" File: C:/Users/Parry/Documents/GitHub/ELEX-7660-PROJECT-V2/ELEX-7660-PROJECT/lfoGenerator.sv Line: 52
Info (12127): Elaborating entity "lfoGenerator" for the top level hierarchy
Warning (10036): Verilog HDL or VHDL warning at lfoGenerator.sv(52): object "clk" assigned a value but never read File: C:/Users/Parry/Documents/GitHub/ELEX-7660-PROJECT-V2/ELEX-7660-PROJECT/lfoGenerator.sv Line: 52
Warning (10858): Verilog HDL warning at lfoGenerator.sv(28): object onOff used but never assigned File: C:/Users/Parry/Documents/GitHub/ELEX-7660-PROJECT-V2/ELEX-7660-PROJECT/lfoGenerator.sv Line: 28
Warning (10030): Net "onOff" at lfoGenerator.sv(28) has no driver or initial value, using a default initial value '0' File: C:/Users/Parry/Documents/GitHub/ELEX-7660-PROJECT-V2/ELEX-7660-PROJECT/lfoGenerator.sv Line: 28
Warning (10034): Output port "GPIO_0[17..16]" at lfoGenerator.sv(17) has no driver File: C:/Users/Parry/Documents/GitHub/ELEX-7660-PROJECT-V2/ELEX-7660-PROJECT/lfoGenerator.sv Line: 17
Warning (10034): Output port "GPIO_0[7]" at lfoGenerator.sv(17) has no driver File: C:/Users/Parry/Documents/GitHub/ELEX-7660-PROJECT-V2/ELEX-7660-PROJECT/lfoGenerator.sv Line: 17
Info (12128): Elaborating entity "encoder" for hierarchy "encoder:encoder_1" File: C:/Users/Parry/Documents/GitHub/ELEX-7660-PROJECT-V2/ELEX-7660-PROJECT/lfoGenerator.sv Line: 55
Info (12128): Elaborating entity "enc2sel" for hierarchy "enc2sel:enc2sel_0" File: C:/Users/Parry/Documents/GitHub/ELEX-7660-PROJECT-V2/ELEX-7660-PROJECT/lfoGenerator.sv Line: 57
Info (10264): Verilog HDL Case Statement information at enc2sel.sv(20): all case item expressions in this case statement are onehot File: C:/Users/Parry/Documents/GitHub/ELEX-7660-PROJECT-V2/ELEX-7660-PROJECT/enc2sel.sv Line: 20
Info (12128): Elaborating entity "enc2val" for hierarchy "enc2val:enc2val_0" File: C:/Users/Parry/Documents/GitHub/ELEX-7660-PROJECT-V2/ELEX-7660-PROJECT/lfoGenerator.sv Line: 58
Info (10264): Verilog HDL Case Statement information at enc2val.sv(28): all case item expressions in this case statement are onehot File: C:/Users/Parry/Documents/GitHub/ELEX-7660-PROJECT-V2/ELEX-7660-PROJECT/enc2val.sv Line: 28
Info (10264): Verilog HDL Case Statement information at enc2val.sv(56): all case item expressions in this case statement are onehot File: C:/Users/Parry/Documents/GitHub/ELEX-7660-PROJECT-V2/ELEX-7660-PROJECT/enc2val.sv Line: 56
Info (10264): Verilog HDL Case Statement information at enc2val.sv(75): all case item expressions in this case statement are onehot File: C:/Users/Parry/Documents/GitHub/ELEX-7660-PROJECT-V2/ELEX-7660-PROJECT/enc2val.sv Line: 75
Info (12128): Elaborating entity "freqGen" for hierarchy "freqGen:freqGen_0" File: C:/Users/Parry/Documents/GitHub/ELEX-7660-PROJECT-V2/ELEX-7660-PROJECT/lfoGenerator.sv Line: 59
Info (12128): Elaborating entity "lcdDisplay" for hierarchy "lcdDisplay:lcdDisplay_0" File: C:/Users/Parry/Documents/GitHub/ELEX-7660-PROJECT-V2/ELEX-7660-PROJECT/lfoGenerator.sv Line: 62
Info (10264): Verilog HDL Case Statement information at lcdDisplay.sv(46): all case item expressions in this case statement are onehot File: C:/Users/Parry/Documents/GitHub/ELEX-7660-PROJECT-V2/ELEX-7660-PROJECT/lcdDisplay.sv Line: 46
Warning (10272): Verilog HDL Case Statement warning at lcdDisplay.sv(92): case item expression covers a value already covered by a previous case item File: C:/Users/Parry/Documents/GitHub/ELEX-7660-PROJECT-V2/ELEX-7660-PROJECT/lcdDisplay.sv Line: 92
Warning (10230): Verilog HDL assignment warning at lcdDisplay.sv(404): truncated value with size 32 to match size of target (13) File: C:/Users/Parry/Documents/GitHub/ELEX-7660-PROJECT-V2/ELEX-7660-PROJECT/lcdDisplay.sv Line: 404
Warning (10230): Verilog HDL assignment warning at lcdDisplay.sv(417): truncated value with size 32 to match size of target (13) File: C:/Users/Parry/Documents/GitHub/ELEX-7660-PROJECT-V2/ELEX-7660-PROJECT/lcdDisplay.sv Line: 417
Warning (10230): Verilog HDL assignment warning at lcdDisplay.sv(489): truncated value with size 32 to match size of target (13) File: C:/Users/Parry/Documents/GitHub/ELEX-7660-PROJECT-V2/ELEX-7660-PROJECT/lcdDisplay.sv Line: 489
Info (13014): Ignored 4 buffer(s)
    Info (13019): Ignored 4 SOFT buffer(s)
Info (13000): Registers with preset signals will power-up high File: C:/Users/Parry/Documents/GitHub/ELEX-7660-PROJECT-V2/ELEX-7660-PROJECT/lcdDisplay.sv Line: 506
Info (13003): DEV_CLRn pin will set, and not reset, register with preset signal due to NOT Gate Push-Back
Warning (13024): Output pins are stuck at VCC or GND
    Warning (13410): Pin "GPIO_0[3]" is stuck at GND File: C:/Users/Parry/Documents/GitHub/ELEX-7660-PROJECT-V2/ELEX-7660-PROJECT/lfoGenerator.sv Line: 17
    Warning (13410): Pin "GPIO_0[7]" is stuck at GND File: C:/Users/Parry/Documents/GitHub/ELEX-7660-PROJECT-V2/ELEX-7660-PROJECT/lfoGenerator.sv Line: 17
    Warning (13410): Pin "GPIO_0[16]" is stuck at GND File: C:/Users/Parry/Documents/GitHub/ELEX-7660-PROJECT-V2/ELEX-7660-PROJECT/lfoGenerator.sv Line: 17
    Warning (13410): Pin "GPIO_0[17]" is stuck at GND File: C:/Users/Parry/Documents/GitHub/ELEX-7660-PROJECT-V2/ELEX-7660-PROJECT/lfoGenerator.sv Line: 17
Info (286030): Timing-Driven Synthesis is running
Info (17049): 18 registers lost all their fanouts during netlist optimizations.
Info (16010): Generating hard_block partition "hard_block:auto_generated_inst"
    Info (16011): Adding 0 node(s), including 0 DDIO, 0 PLL, 0 transceiver and 0 LCELL
Info (21057): Implemented 410 device resources after synthesis - the final resource count might be different
    Info (21058): Implemented 6 input pins
    Info (21059): Implemented 15 output pins
    Info (21061): Implemented 389 logic cells
Info: Quartus Prime Analysis & Synthesis was successful. 0 errors, 16 warnings
    Info: Peak virtual memory: 4928 megabytes
    Info: Processing ended: Wed Apr  9 18:20:10 2025
    Info: Elapsed time: 00:00:39
    Info: Total CPU time (on all processors): 00:00:22


